[36mvite v8.0.3 [32mbuilding client environment for production...[36m[39m
[2K
transforming...Γ£ô 114 modules transformed.
Γ£ù Build failed in 176ms
error during build:
Build failed with 1 error:

[UNRESOLVED_IMPORT] Error: Could not resolve '../Icons' in src/components/common/Navbar.jsx
   Γò¡ΓöÇ[ src/components/common/Navbar.jsx:7:87 ]
   Γöé
 7 Γöé import { IconPackage, IconEdit, IconHeart, IconSettings, IconLogOut, IconShirt } from "../Icons";
   Γöé                                                                                       ΓöÇΓöÇΓöÇΓöÇΓöÇΓö¼ΓöÇΓöÇΓöÇΓöÇ  
   Γöé                                                                                            Γò░ΓöÇΓöÇΓöÇΓöÇΓöÇΓöÇ Module not found.
   Γöé 
   Γöé Help: 'src/components/common/Navbar.jsx' is imported by the following path:
   Γöé         - src/components/common/Navbar.jsx
   Γöé         - src/App.jsx
   Γöé         - src/main.jsx
   Γöé         - index.html
ΓöÇΓöÇΓöÇΓò»

    at aggregateBindingErrorsIntoJsError (file:///C:/Users/Tushar/OneDrive/Desktop/kiddowear/frontend/node_modules/rolldown/dist/shared/error-BLhcSyeg.mjs:48:18)
    at unwrapBindingResult (file:///C:/Users/Tushar/OneDrive/Desktop/kiddowear/frontend/node_modules/rolldown/dist/shared/error-BLhcSyeg.mjs:18:128)
    at #build (file:///C:/Users/Tushar/OneDrive/Desktop/kiddowear/frontend/node_modules/rolldown/dist/shared/rolldown-build-CPrIX9V6.mjs:3313:34)
    at async buildEnvironment (file:///C:/Users/Tushar/OneDrive/Desktop/kiddowear/frontend/node_modules/vite/dist/node/chunks/node.js:32849:64)
    at async Object.build (file:///C:/Users/Tushar/OneDrive/Desktop/kiddowear/frontend/node_modules/vite/dist/node/chunks/node.js:33271:19)
    at async Object.buildApp (file:///C:/Users/Tushar/OneDrive/Desktop/kiddowear/frontend/node_modules/vite/dist/node/chunks/node.js:33268:153)
    at async CAC.<anonymous> (file:///C:/Users/Tushar/OneDrive/Desktop/kiddowear/frontend/node_modules/vite/dist/node/cli.js:778:3) {
  errors: [Getter/Setter]
}
